2026-08-11 07:27:33.048: [INFO] CurrentProfilePath: C:\ohouseClass\.metadata\.plugins\org.eclipse.swt\EBWebView\Default
2026-08-11 07:27:33.048: [INFO] Profiles total count: 1
2026-08-11 07:27:33.048: [INFO] Profile: name=프로필 1 path=C:\ohouseClass\.metadata\.plugins\org.eclipse.swt\EBWebView\Default lastActive=null
2026-08-11 07:27:33.048: [INFO] LastUsedProfileDir: C:\ohouseClass\.metadata\.plugins\org.eclipse.swt\EBWebView\Default
2026-08-11 07:27:33.048: [INFO] OnDoneLoading sync enabled: 0
2026-08-11 07:27:33.048: [INFO] BookmarkModelLoaded, ids_reassigned: 0
2026-08-11 07:27:33.048: [INFO] BookmarksLoadDropped droppedNodes=0
2026-08-11 07:27:33.048: [INFO] BookmarksSnapshot Startup total=0 bar=0 other=0 mobile=0 showBar=0 showBarNTP=1
2026-08-11 07:27:41.575: [INFO] BookmarksSnapshot Shutdown total=0 bar=0 other=0 mobile=0 showBar=0 showBarNTP=1
2026-08-11 07:27:41.916: [INFO] CurrentProfilePath: C:\ohouseClass\.metadata\.plugins\org.eclipse.swt\EBWebView\Default
2026-08-11 07:27:41.916: [INFO] Profiles total count: 1
2026-08-11 07:27:41.917: [INFO] Profile: name=프로필 1 path=C:\ohouseClass\.metadata\.plugins\org.eclipse.swt\EBWebView\Default lastActive=2026-08-11T07:27:33.209Z
2026-08-11 07:27:41.917: [INFO] LastUsedProfileDir: C:\ohouseClass\.metadata\.plugins\org.eclipse.swt\EBWebView\Default
2026-08-11 07:27:41.917: [INFO] MostRecentlyActiveProfile: name=프로필 1 path=C:\ohouseClass\.metadata\.plugins\org.eclipse.swt\EBWebView\Default lastActive=2026-08-11T07:27:33.209Z
2026-08-11 07:27:41.917: [INFO] OnDoneLoading sync enabled: 0
2026-08-11 07:27:41.917: [INFO] BookmarkModelLoaded, ids_reassigned: 0
2026-08-11 07:27:41.917: [INFO] BookmarksLoadDropped droppedNodes=0
2026-08-11 07:27:41.917: [INFO] BookmarksSnapshot Startup total=0 bar=0 other=0 mobile=0 showBar=0 showBarNTP=1
2026-08-11 07:40:45.595: [INFO] BookmarksSnapshot Shutdown total=0 bar=0 other=0 mobile=0 showBar=0 showBarNTP=1
2026-08-11 07:41:04.284: [INFO] CurrentProfilePath: C:\ohouseClass\.metadata\.plugins\org.eclipse.swt\EBWebView\Default
2026-08-11 07:41:04.284: [INFO] Profiles total count: 1
2026-08-11 07:41:04.284: [INFO] Profile: name=프로필 1 path=C:\ohouseClass\.metadata\.plugins\org.eclipse.swt\EBWebView\Default lastActive=2026-08-11T07:27:33.209Z
2026-08-11 07:41:04.284: [INFO] LastUsedProfileDir: C:\ohouseClass\.metadata\.plugins\org.eclipse.swt\EBWebView\Default
2026-08-11 07:41:04.284: [INFO] MostRecentlyActiveProfile: name=프로필 1 path=C:\ohouseClass\.metadata\.plugins\org.eclipse.swt\EBWebView\Default lastActive=2026-08-11T07:27:33.209Z
2026-08-11 07:41:04.284: [INFO] OnDoneLoading sync enabled: 0
2026-08-11 07:41:04.284: [INFO] BookmarkModelLoaded, ids_reassigned: 0
2026-08-11 07:41:04.284: [INFO] BookmarksLoadDropped droppedNodes=0
2026-08-11 07:41:04.284: [INFO] BookmarksSnapshot Startup total=0 bar=0 other=0 mobile=0 showBar=0 showBarNTP=1
2026-08-11 07:46:30.256: [INFO] BookmarksSnapshot Shutdown total=0 bar=0 other=0 mobile=0 showBar=0 showBarNTP=1
